Downloading 0BSD...
Downloading AAL...
Downloading AFL-1.1...
Downloading AFL-1.2...
Downloading AFL-2.0...
Downloading AFL-2.1...
Downloading AFL-3.0...
Downloading AGPL-3.0...
Downloading AGPL-3.0-only...
Downloading AGPL-3.0-or-later...
Downloading ALGLIB-Documentation...
Downloading Apache-1.1...
Downloading Apache-2.0...
Downloading APL-1.0...
Downloading APSL-1.0...
Downloading APSL-1.1...
Downloading APSL-1.2...
Downloading APSL-2.0...
Downloading Artistic-1.0...
Downloading Artistic-1.0-cl8...
Downloading Artistic-1.0-Perl...
Downloading Artistic-2.0...
Downloading BlueOak-1.0.0...
Downloading BSD-1-Clause...
Downloading BSD-2-Clause...
Downloading BSD-2-Clause-Patent...
Downloading BSD-3-Clause...
Downloading BSD-3-Clause-LBNL...
Downloading BSD-3-Clause-Open-MPI...
Downloading BSL-1.0...
Downloading BSL-1.1...
Downloading BUSL-1.1...
Downloading CAL-1.0...
Downloading CAL-1.0-Combined-Work-Exception...
Downloading CATOSL-1.1...
Downloading CDDL-1.0...
Downloading CECILL-2.1...
Downloading CERN-OHL-P-2.0...
Downloading CERN-OHL-S-2.0...
Downloading CERN-OHL-W-2.0...
Downloading CNRI-Python...
Downloading CPAL-1.0...
Downloading CPL-1.0...
Downloading CUA-OPL-1.0...
Downloading ECL-1.0...
Downloading ECL-2.0...
Downloading EFL-1.0...
Downloading EFL-2.0...
Downloading Elastic-2.0...
Downloading Entessa...
Downloading EPL-1.0...
Downloading EPL-2.0...
Downloading EUDatagrid...
Downloading EUPL-1.1...
Downloading EUPL-1.2...
Downloading Fair...
Downloading Frameworx-1.0...
Downloading GPL-2.0...
Downloading GPL-2.0+...
Downloading GPL-2.0-only...
Downloading GPL-2.0-or-later...
Downloading GPL-3.0...
Downloading GPL-3.0+...
Downloading GPL-3.0-only...
Downloading GPL-3.0-or-later...
Downloading GPL-3.0-with-GCC-exception...
Downloading HPND...
Downloading ICU...
Downloading Intel...
Downloading IPA...
Downloading IPL-1.0...
Downloading ISC...
Downloading Jam...
Downloading LGPL-2.0...
Downloading LGPL-2.0+...
Downloading LGPL-2.0-only...
Downloading LGPL-2.0-or-later...
Downloading LGPL-2.1...
Downloading LGPL-2.1+...
Downloading LGPL-2.1-only...
Downloading LGPL-2.1-or-later...
Downloading LGPL-3.0...
Downloading LGPL-3.0+...
Downloading LGPL-3.0-only...
Downloading LGPL-3.0-or-later...
Downloading LiLiQ-P-1.1...
Downloading LiLiQ-R-1.1...
Downloading LiLiQ-Rplus-1.1...
Downloading LPL-1.0...
Downloading LPL-1.02...
Downloading LPPL-1.3c...
Downloading MirOS...
Downloading MIT...
Downloading MIT-0...
Downloading MIT-Modern-Variant...
Downloading Motosoto...
Downloading MPL-1.0...
Downloading MPL-1.1...
Downloading MPL-2.0...
Downloading MPL-2.0-no-copyleft-exception...
Downloading MS-PL...
Downloading MS-RL...
Downloading MulanPSL-2.0...
Downloading Multics...
Downloading NASA-1.3...
Downloading Naumen...
Downloading NCSA...
Downloading NGPL...
Downloading Nokia...
Downloading NPOSL-3.0...
Downloading NTP...
Downloading OCLC-2.0...
Downloading OFL-1.1...
Downloading OFL-1.1-no-RFN...
Downloading OFL-1.1-RFN...
Downloading OGTSL...
Downloading OLDAP-2.8...
Downloading OLFL-1.3...
Downloading OSC-1.0...
Downloading OSET-PL-2.1...
Downloading OSL-1.0...
Downloading OSL-2.0...
Downloading OSL-2.1...
Downloading OSL-3.0...
Downloading PHP-3.0...
Downloading PHP-3.01...
Downloading PostgreSQL...
Downloading Python-2.0...
Downloading QPL-1.0...
Downloading RPL-1.1...
Downloading RPL-1.5...
Downloading RPSL-1.0...
Downloading RSCPL...
Downloading SimPL-2.0...
Downloading SISSL...
Downloading Sleepycat...
Downloading SPL-1.0...
Downloading SSPL-1.0...
Downloading UCL-1.0...
Downloading Unicode-3.0...
Downloading Unicode-DFS-2016...
Downloading Unlicense...
Downloading UPL-1.0...
Downloading VSL-1.0...
Downloading W3C...
Downloading W3C-20150513...
Downloading Watcom-1.0...
Downloading WordNet...
Downloading wxWindows...
Downloading Xnet...
Downloading Zlib...
Downloading ZPL-2.0...
Downloading ZPL-2.1...
